validation: COMPLETED SUCCEEDED
PATCH unstretch -> 202 Un-Stretch vSAN Stretched Cluster - vcf-m01-cl01 in VMware Cloud Foundation task 9ad5c05d-7ef9-49f7-8006-b108afbcebf9
[11:35:21] Pending 0/1 []
[11:36:21] In Progress 16/61 ['Disable vSAN Health And Performance Service']
[11:37:21] In Progress 18/61 ['Disable Stretched Cluster']
[11:38:21] In Progress 22/61 ['Generate Deletion of NSX Component Input Data']
[11:39:22] In Progress 25/61 ['Enter ESXi Host(s) in Maintenance Mode']
[11:40:22] In Progress 25/61 ['Enter ESXi Host(s) in Maintenance Mode']
[11:41:22] In Progress 25/61 ['Enter ESXi Host(s) in Maintenance Mode']
[11:42:22] In Progress 25/61 ['Enter ESXi Host(s) in Maintenance Mode']
[11:43:22] In Progress 25/61 ['Enter ESXi Host(s) in Maintenance Mode']
[11:44:22] In Progress 25/61 ['Enter ESXi Host(s) in Maintenance Mode']
[11:45:22] In Progress 25/61 ['Enter ESXi Host(s) in Maintenance Mode']
[11:46:22] In Progress 25/61 ['Enter ESXi Host(s) in Maintenance Mode']
[11:47:22] In Progress 25/61 ['Enter ESXi Host(s) in Maintenance Mode']
[11:48:23] In Progress 25/61 ['Enter ESXi Host(s) in Maintenance Mode']
[11:49:23] In Progress 28/61 ['Move ESXi Host to Parent Datacenter']
[11:50:23] In Progress 28/61 ['Move ESXi Host to Parent Datacenter']
[11:51:23] In Progress 28/61 ['Move ESXi Host to Parent Datacenter']
[11:52:23] In Progress 36/61 ['Remove AZ2 Port Groups']
[11:53:23] In Progress 40/61 ['Delete Transport Node Configuration from ESX Host(s)']
[11:54:23] Successful 57/57 []
