validation: COMPLETED SUCCEEDED
PATCH stretch -> 202 Stretch vSAN Cluster - vcf-m01-cl01 in VMware Cloud Foundation task e783affa-7baf-4669-96df-cb7bfbc33b46
[13:33:06] Pending 0/1 []
[13:34:07] In Progress 8/114 ['Validate Platform Infrastructure State for Stretch Cluster']
[13:35:07] In Progress 38/114 ['Validate vMotion Network Connectivity']
[13:36:07] In Progress 46/114 ['Prepare ESXi Host']
[13:37:07] In Progress 61/114 ['Create vSAN vmknic(s) on ESX Host(s)']
[13:38:07] In Progress 62/114 ['Migrate ESX Host Management vmknic(s) to vSphere Distributed Switch']
[13:39:07] In Progress 62/114 ['Migrate ESX Host Management vmknic(s) to vSphere Distributed Switch']
[13:40:07] In Progress 62/114 ['Migrate ESX Host Management vmknic(s) to vSphere Distributed Switch']
[13:41:07] In Progress 62/114 ['Migrate ESX Host Management vmknic(s) to vSphere Distributed Switch']
[13:42:07] In Progress 62/114 ['Migrate ESX Host Management vmknic(s) to vSphere Distributed Switch']
[13:43:07] In Progress 62/114 ['Migrate ESX Host Management vmknic(s) to vSphere Distributed Switch']
[13:44:07] In Progress 62/114 ['Migrate ESX Host Management vmknic(s) to vSphere Distributed Switch']
[13:45:07] In Progress 62/114 ['Migrate ESX Host Management vmknic(s) to vSphere Distributed Switch']
[13:46:07] In Progress 62/114 ['Migrate ESX Host Management vmknic(s) to vSphere Distributed Switch']
[13:47:07] In Progress 62/114 ['Migrate ESX Host Management vmknic(s) to vSphere Distributed Switch']
[13:48:07] In Progress 62/114 ['Migrate ESX Host Management vmknic(s) to vSphere Distributed Switch']
[13:49:07] In Progress 62/114 ['Migrate ESX Host Management vmknic(s) to vSphere Distributed Switch']
[13:50:08] In Progress 62/114 ['Migrate ESX Host Management vmknic(s) to vSphere Distributed Switch']
[13:51:08] In Progress 62/114 ['Migrate ESX Host Management vmknic(s) to vSphere Distributed Switch']
[13:52:08] In Progress 62/114 ['Migrate ESX Host Management vmknic(s) to vSphere Distributed Switch']
[13:53:08] In Progress 62/114 ['Migrate ESX Host Management vmknic(s) to vSphere Distributed Switch']
[13:54:08] In Progress 62/114 ['Migrate ESX Host Management vmknic(s) to vSphere Distributed Switch']
[13:55:08] In Progress 62/114 ['Migrate ESX Host Management vmknic(s) to vSphere Distributed Switch']
[13:56:08] In Progress 62/114 ['Migrate ESX Host Management vmknic(s) to vSphere Distributed Switch']
[13:57:08] In Progress 62/114 ['Migrate ESX Host Management vmknic(s) to vSphere Distributed Switch']
[13:58:08] In Progress 62/114 ['Migrate ESX Host Management vmknic(s) to vSphere Distributed Switch']
[13:59:08] In Progress 62/114 ['Migrate ESX Host Management vmknic(s) to vSphere Distributed Switch']
[14:00:08] In Progress 62/114 ['Migrate ESX Host Management vmknic(s) to vSphere Distributed Switch']
[14:01:08] In Progress 62/114 ['Migrate ESX Host Management vmknic(s) to vSphere Distributed Switch']
[14:02:08] Failed 67/114 []
FAILED: Migrate ESX Host Management vmknic(s) to vSphere Distributed Switch
[
  {
    "errorCode": "VSPHERE_CONFIGURE_HOST_DVS_FAILED",
    "errorType": "ERROR",
    "arguments": [
      "esx07.alan.lab",
      "192.168.120.67 -> dvportgroup-82"
    ],
    "message": "Failed to configure Vswitch to DVS vmknic migration on Host esx07.alan.lab for vmknic(s) 192.168.120.67 -> dvportgroup-82",
    "causes": [
      {
        "type": "com.vmware.vim.binding.vmodl.fault.HostCommunication",
        "message": "An error occurred while communicating with the remote host."
      }
    ],
    "referenceToken": "TU0T9U"
  }
]
